2026-05-15 18:04:38 +0000 [MT] Initial pipeline context: <IDEDistributionProcessingPipelineContext: 0x9d8049800; archive(resolved)="<IDEArchive: 0x9d66cf480>", distributionTask(resolved)="2", distributionDestination(resolved)="1", distributionMethod(resolved)="<IDEDistributionMethodDeveloperID: 0x9d76e3a70>", team(resolved)="<IDEProvisioningBasicTeam: 0x9d7b4cb20; teamID='CA889WK9CJ', teamName='(null)'>">
	Chain (12, self inclusive):
	<IDEDistributionProcessingPipelineContext: 0x9d8049800; archive = "<IDEArchive: 0x9d66cf480>", distributionMethod="<IDEDistributionMethodDeveloperID: 0x9d76e3a70>", team="<IDEProvisioningBasicTeam: 0x9d7b4cb20; teamID='CA889WK9CJ', teamName='(null)'>">
	<IDEDistributionProcessingPipelineContext: 0x9d8049b00; archive = "<IDEArchive: 0x9d66cf480>", distributionMethod="<IDEDistributionMethodDeveloperID: 0x9d76e3a70>", team="<IDEProvisioningBasicTeam: 0x9d7b4cb20; teamID='CA889WK9CJ', teamName='(null)'>">
	<IDEDistributionContext: 0x9d67a6080; archive = "<IDEArchive: 0x9d66cf480>", distributionMethod="<IDEDistributionMethodDeveloperID: 0x9d76e3a70>", team="<IDEProvisioningBasicTeam: 0x9d7b4cb20; teamID='CA889WK9CJ', teamName='(null)'>">
	<IDEDistributionContext: 0x9d67a5b80; archive = "<IDEArchive: 0x9d66cf480>", distributionMethod="<IDEDistributionMethodDeveloperID: 0x9d76e3a70>", team="<IDEProvisioningBasicTeam: 0x9d7b4cb20; teamID='CA889WK9CJ', teamName='(null)'>">
	<IDEDistributionContext: 0x9d67a5900; archive = "<IDEArchive: 0x9d66cf480>", distributionMethod="<IDEDistributionMethodDeveloperID: 0x9d76e3a70>", team="<IDEProvisioningBasicTeam: 0x9d7b4cb20; teamID='CA889WK9CJ', teamName='(null)'>">
	<IDEDistributionContext: 0x9d67a5680; archive = "<IDEArchive: 0x9d66cf480>", distributionMethod="<IDEDistributionMethodDeveloperID: 0x9d76e3a70>", team="<IDEProvisioningBasicTeam: 0x9d7b4cb20; teamID='CA889WK9CJ', teamName='(null)'>">
	<IDEDistributionContext: 0x9d67a4780; archive = "<IDEArchive: 0x9d66cf480>", distributionMethod="<IDEDistributionMethodDeveloperID: 0x9d76e3a70>", team="<IDEProvisioningBasicTeam: 0x9d7b4cb20; teamID='CA889WK9CJ', teamName='(null)'>">
	<IDEDistributionContext: 0x9d67a4500; archive = "<IDEArchive: 0x9d66cf480>", distributionMethod="<IDEDistributionMethodDeveloperID: 0x9d76e3a70>", team="<IDEProvisioningBasicTeam: 0x9d7b4cb20; teamID='CA889WK9CJ', teamName='(null)'>">
	<IDEDistributionContext: 0x9d67a4280; archive = "<IDEArchive: 0x9d66cf480>", distributionMethod="<IDEDistributionMethodDeveloperID: 0x9d76e3a70>", team="<IDEProvisioningBasicTeam: 0x9d7b4cb20; teamID='CA889WK9CJ', teamName='(null)'>">
	<IDEDistributionContext: 0x9d67a4000; archive = "<IDEArchive: 0x9d66cf480>", distributionMethod="<IDEDistributionMethodDeveloperID: 0x9d76e3a70>", team="(null)">
	<IDEDistributionContext: 0x102a262b0; archive = "<IDEArchive: 0x9d66cf480>", distributionMethod="<IDEDistributionMethodDeveloperID: 0x9d76e3a70>", team="(null)">
	<IDEDistributionContext: 0x102a400a0; archive = "<IDEArchive: 0x9d66cf480>", distributionMethod="(null)", team="(null)">
</IDEDistributionProcessingPipelineContext: 0x9d8049800>
2026-05-15 18:04:38 +0000 [MT] Processing step: IDEDistributionCreateDestRootStep
2026-05-15 18:04:38 +0000 [MT] Processing step: IDEDistributionCopyItemStep
2026-05-15 18:04:38 +0000 [MT] Running /usr/bin/ditto '-V' '/Users/nickkelly/Documents/FlipTheScript/build/FlipTheScript.xcarchive/Products/Applications/FlipTheScript.app' '/var/folders/wk/m5jvpdmd7gl1dkqdpf7ln3mr0000gn/T/XcodeDistPipeline.~~~3aHrQb/Root/Applications/FlipTheScript.app'
2026-05-15 18:04:38 +0000  >>> Copying /Users/nickkelly/Documents/FlipTheScript/build/FlipTheScript.xcarchive/Products/Applications/FlipTheScript.app 
2026-05-15 18:04:38 +0000  copying file ./Contents/_CodeSignature/CodeResources ... 
2026-05-15 18:04:38 +0000  2672 bytes for ./Contents/_CodeSignature/CodeResources
2026-05-15 18:04:38 +0000  copying file ./Contents/MacOS/FlipTheScript ... 
2026-05-15 18:04:38 +0000  2647856 bytes for ./Contents/MacOS/FlipTheScript
2026-05-15 18:04:38 +0000  copying file ./Contents/Resources/AppIcon.icns ... 
2026-05-15 18:04:38 +0000  17149 bytes for ./Contents/Resources/AppIcon.icns
2026-05-15 18:04:38 +0000  copying file ./Contents/Resources/Assets.car ... 
2026-05-15 18:04:38 +0000  167528 bytes for ./Contents/Resources/Assets.car
2026-05-15 18:04:38 +0000  copying file ./Contents/Info.plist ... 
2026-05-15 18:04:38 +0000  2181 bytes for ./Contents/Info.plist
2026-05-15 18:04:38 +0000  copying file ./Contents/PkgInfo ... 
2026-05-15 18:04:38 +0000  8 bytes for ./Contents/PkgInfo
2026-05-15 18:04:38 +0000 [MT] /usr/bin/ditto exited with 0
2026-05-15 18:04:38 +0000 [MT] Processing step: IDEDistributionEmbedProfileStep
2026-05-15 18:04:38 +0000 [MT] Skipping profile for item: <IDEDistributionItem: 0x9d67320a0; bundleID='com.hoddytools.FlipTheScript', path='<DVTFilePath:0x9d66cf4f0:'/Users/nickkelly/Documents/FlipTheScript/build/FlipTheScript.xcarchive/Products/Applications/FlipTheScript.app'>', codeSigningInfo='<_DVTCodeSigningInformation_Path: 0x9d6731fe0; isSigned='1', isAdHocSigned='0', signingCertificate='<DVTSigningCertificate: 0x9d5c540c0; name='Apple Development: Nick Kelly (ABRZ5S85A3)', hash='BCD7E23D71479E15A9DFC3971644E9E814E70BDE', serialNumber='4DF3738AA1B421F6372BD0BEF442F3E7', certificateKinds='(
    "1.2.840.113635.100.6.1.12",
    "1.2.840.113635.100.6.1.2"
), issueDate='2026-05-05 19:18:48 +0000''>', entitlements='{
    "com.apple.security.app-sandbox" = 1;
    "com.apple.security.assets.movies.read-write" = 1;
    "com.apple.security.assets.music.read-write" = 1;
    "com.apple.security.assets.pictures.read-write" = 1;
    "com.apple.security.files.downloads.read-write" = 1;
    "com.apple.security.files.user-selected.read-write" = 1;
    "com.apple.security.network.client" = 1;
}', teamID='CA889WK9CJ', identifier='com.hoddytools.FlipTheScript', executablePath='<DVTFilePath:0x9d67318c0:'/Users/nickkelly/Documents/FlipTheScript/build/FlipTheScript.xcarchive/Products/Applications/FlipTheScript.app/Contents/MacOS/FlipTheScript'>', hardenedRuntime='1'>'>
2026-05-15 18:04:38 +0000 [MT] Processing step: IDEDistributionInfoPlistStep
2026-05-15 18:04:38 +0000 [MT] Skipping step: IDEDistributionInfoPlistStep because it said so
2026-05-15 18:04:38 +0000 [MT] Processing step: IDEDistributionAppThinningPlistStep
2026-05-15 18:04:38 +0000 [MT] Processing step: IDEDistributionSymbolsStep
2026-05-15 18:04:38 +0000 [MT] Skipping step: IDEDistributionSymbolsStep because it said so
2026-05-15 18:04:38 +0000 [MT] Processing step: IDEDistributionAppThinningStep
2026-05-15 18:04:38 +0000 [MT] Skipping step: IDEDistributionAppThinningStep because it said so
2026-05-15 18:04:38 +0000 [MT] Processing step: IDEDistributionArchThinningStep
2026-05-15 18:04:38 +0000 [MT] Archs to thin for item /Users/nickkelly/Documents/FlipTheScript/build/FlipTheScript.xcarchive/Products/Applications/FlipTheScript.app are []
2026-05-15 18:04:38 +0000 [MT] Processing step: IDEDistributionODRStep
2026-05-15 18:04:38 +0000 [MT] Processing step: IDEDistributionStripXattrsStep
2026-05-15 18:04:38 +0000 [MT] Skipping stripping extended attributes because the codesign step will strip them.
2026-05-15 18:04:38 +0000 [MT] Processing step: IDEDistributionCodesignStep
2026-05-15 18:04:38 +0000 [MT] Entitlements for <IDEDistributionItem: 0x9d67320a0; bundleID='com.hoddytools.FlipTheScript', path='<DVTFilePath:0x9d66cf4f0:'/Users/nickkelly/Documents/FlipTheScript/build/FlipTheScript.xcarchive/Products/Applications/FlipTheScript.app'>', codeSigningInfo='<_DVTCodeSigningInformation_Path: 0x9d6731fe0; isSigned='1', isAdHocSigned='0', signingCertificate='<DVTSigningCertificate: 0x9d5c540c0; name='Apple Development: Nick Kelly (ABRZ5S85A3)', hash='BCD7E23D71479E15A9DFC3971644E9E814E70BDE', serialNumber='4DF3738AA1B421F6372BD0BEF442F3E7', certificateKinds='(
    "1.2.840.113635.100.6.1.12",
    "1.2.840.113635.100.6.1.2"
), issueDate='2026-05-05 19:18:48 +0000''>', entitlements='{
    "com.apple.security.app-sandbox" = 1;
    "com.apple.security.assets.movies.read-write" = 1;
    "com.apple.security.assets.music.read-write" = 1;
    "com.apple.security.assets.pictures.read-write" = 1;
    "com.apple.security.files.downloads.read-write" = 1;
    "com.apple.security.files.user-selected.read-write" = 1;
    "com.apple.security.network.client" = 1;
}', teamID='CA889WK9CJ', identifier='com.hoddytools.FlipTheScript', executablePath='<DVTFilePath:0x9d67318c0:'/Users/nickkelly/Documents/FlipTheScript/build/FlipTheScript.xcarchive/Products/Applications/FlipTheScript.app/Contents/MacOS/FlipTheScript'>', hardenedRuntime='1'>'>: {
    "com.apple.security.app-sandbox" = 1;
    "com.apple.security.assets.movies.read-write" = 1;
    "com.apple.security.assets.music.read-write" = 1;
    "com.apple.security.assets.pictures.read-write" = 1;
    "com.apple.security.files.downloads.read-write" = 1;
    "com.apple.security.files.user-selected.read-write" = 1;
    "com.apple.security.network.client" = 1;
}
2026-05-15 18:04:38 +0000 [MT] Associated App Clip Identifiers Filter: Skipping because "com.apple.developer.associated-appclip-app-identifiers" is not present
2026-05-15 18:04:38 +0000 [MT] Entitlements for <IDEDistributionItem: 0x9d67320a0; bundleID='com.hoddytools.FlipTheScript', path='<DVTFilePath:0x9d66cf4f0:'/Users/nickkelly/Documents/FlipTheScript/build/FlipTheScript.xcarchive/Products/Applications/FlipTheScript.app'>', codeSigningInfo='<_DVTCodeSigningInformation_Path: 0x9d6731fe0; isSigned='1', isAdHocSigned='0', signingCertificate='<DVTSigningCertificate: 0x9d5c57840; name='Apple Development: Nick Kelly (ABRZ5S85A3)', hash='BCD7E23D71479E15A9DFC3971644E9E814E70BDE', serialNumber='4DF3738AA1B421F6372BD0BEF442F3E7', certificateKinds='(
    "1.2.840.113635.100.6.1.12",
    "1.2.840.113635.100.6.1.2"
), issueDate='2026-05-05 19:18:48 +0000''>', entitlements='{
    "com.apple.security.app-sandbox" = 1;
    "com.apple.security.assets.movies.read-write" = 1;
    "com.apple.security.assets.music.read-write" = 1;
    "com.apple.security.assets.pictures.read-write" = 1;
    "com.apple.security.files.downloads.read-write" = 1;
    "com.apple.security.files.user-selected.read-write" = 1;
    "com.apple.security.network.client" = 1;
}', teamID='CA889WK9CJ', identifier='com.hoddytools.FlipTheScript', executablePath='<DVTFilePath:0x9d67318c0:'/Users/nickkelly/Documents/FlipTheScript/build/FlipTheScript.xcarchive/Products/Applications/FlipTheScript.app/Contents/MacOS/FlipTheScript'>', hardenedRuntime='1'>'> are: {
    "com.apple.security.app-sandbox" = 1;
    "com.apple.security.assets.movies.read-write" = 1;
    "com.apple.security.assets.music.read-write" = 1;
    "com.apple.security.assets.pictures.read-write" = 1;
    "com.apple.security.files.downloads.read-write" = 1;
    "com.apple.security.files.user-selected.read-write" = 1;
    "com.apple.security.network.client" = 1;
}
2026-05-15 18:04:38 +0000 [MT] Writing entitlements for <IDEDistributionItem: 0x9d67320a0; bundleID='com.hoddytools.FlipTheScript', path='<DVTFilePath:0x9d66cf4f0:'/Users/nickkelly/Documents/FlipTheScript/build/FlipTheScript.xcarchive/Products/Applications/FlipTheScript.app'>', codeSigningInfo='<_DVTCodeSigningInformation_Path: 0x9d6731fe0; isSigned='1', isAdHocSigned='0', signingCertificate='<DVTSigningCertificate: 0x9d5c57840; name='Apple Development: Nick Kelly (ABRZ5S85A3)', hash='BCD7E23D71479E15A9DFC3971644E9E814E70BDE', serialNumber='4DF3738AA1B421F6372BD0BEF442F3E7', certificateKinds='(
    "1.2.840.113635.100.6.1.12",
    "1.2.840.113635.100.6.1.2"
), issueDate='2026-05-05 19:18:48 +0000''>', entitlements='{
    "com.apple.security.app-sandbox" = 1;
    "com.apple.security.assets.movies.read-write" = 1;
    "com.apple.security.assets.music.read-write" = 1;
    "com.apple.security.assets.pictures.read-write" = 1;
    "com.apple.security.files.downloads.read-write" = 1;
    "com.apple.security.files.user-selected.read-write" = 1;
    "com.apple.security.network.client" = 1;
}', teamID='CA889WK9CJ', identifier='com.hoddytools.FlipTheScript', executablePath='<DVTFilePath:0x9d67318c0:'/Users/nickkelly/Documents/FlipTheScript/build/FlipTheScript.xcarchive/Products/Applications/FlipTheScript.app/Contents/MacOS/FlipTheScript'>', hardenedRuntime='1'>'> to: /var/folders/wk/m5jvpdmd7gl1dkqdpf7ln3mr0000gn/T/XcodeDistPipeline.~~~3aHrQb/entitlements~~~r1QGdR
2026-05-15 18:04:38 +0000 [MT] invoking codesign: <NSConcreteTask: 0x9d5dca5d0; launchPath='/usr/bin/codesign', arguments='(
    "-f",
    "-s",
    C7CDC8A62654DB57ECBFF2B96F34128637748A10,
    "--entitlements",
    "/var/folders/wk/m5jvpdmd7gl1dkqdpf7ln3mr0000gn/T/XcodeDistPipeline.~~~3aHrQb/entitlements~~~r1QGdR",
    "--requirements",
    "=designated => anchor apple generic  and identifier \"$self.identifier\" and ((cert leaf[field.1.2.840.113635.100.6.1.9] exists) or ( certificate 1[field.1.2.840.113635.100.6.2.6] exists and certificate leaf[field.1.2.840.113635.100.6.1.13] exists  and certificate leaf[subject.OU] = \"CA889WK9CJ\" ))",
    "--preserve-metadata=identifier,flags,runtime,launch-constraints,library-constraints",
    "--generate-entitlement-der",
    "--strip-disallowed-xattrs",
    "-vvv",
    "/var/folders/wk/m5jvpdmd7gl1dkqdpf7ln3mr0000gn/T/XcodeDistPipeline.~~~3aHrQb/Root/Applications/FlipTheScript.app"
)'>
2026-05-15 20:16:41 +0000 [MT] codesign output: /var/folders/wk/m5jvpdmd7gl1dkqdpf7ln3mr0000gn/T/XcodeDistPipeline.~~~3aHrQb/Root/Applications/FlipTheScript.app: replacing existing signature
/var/folders/wk/m5jvpdmd7gl1dkqdpf7ln3mr0000gn/T/XcodeDistPipeline.~~~3aHrQb/Root/Applications/FlipTheScript.app: signed app bundle with Mach-O universal (x86_64 arm64) [com.hoddytools.FlipTheScript]
2026-05-15 20:16:41 +0000 [MT] Processing step: IDEDistributionZipODRItemStep
2026-05-15 20:16:41 +0000 [MT] Skipping step: IDEDistributionZipODRItemStep because it said so
2026-05-15 20:16:41 +0000 [MT] Processing step: IDEDistributionSkipPackagingStep
2026-05-15 20:16:41 +0000 [MT] Processing step: IDEDistributionAppStoreInformationStep
2026-05-15 20:16:41 +0000 [MT] Skipping step: IDEDistributionAppStoreInformationStep because it said so
2026-05-15 20:16:41 +0000 [MT] Processing step: IDEDistributionGenerateProcessedDistributionItems
2026-05-15 20:16:41 +0000 [MT] IDEDistributionItem init <DVTFilePath:0x9d6077e90:'/var/folders/wk/m5jvpdmd7gl1dkqdpf7ln3mr0000gn/T/XcodeDistPipeline.~~~3aHrQb/Root/Applications/FlipTheScript.app'>
2026-05-15 20:16:41 +0000 [MT] [OPTIONAL] Didn't find embedded provisioning profile for <DVTFilePath:0x9d6077e90:'/var/folders/wk/m5jvpdmd7gl1dkqdpf7ln3mr0000gn/T/XcodeDistPipeline.~~~3aHrQb/Root/Applications/FlipTheScript.app'>: Error Domain=NSCocoaErrorDomain Code=4 "No file at <DVTFilePath:0x9d60864c0:'/var/folders/wk/m5jvpdmd7gl1dkqdpf7ln3mr0000gn/T/XcodeDistPipeline.~~~3aHrQb/Root/Applications/FlipTheScript.app/Contents/embedded.provisionprofile'>" UserInfo={NSLocalizedDescription=No file at <DVTFilePath:0x9d60864c0:'/var/folders/wk/m5jvpdmd7gl1dkqdpf7ln3mr0000gn/T/XcodeDistPipeline.~~~3aHrQb/Root/Applications/FlipTheScript.app/Contents/embedded.provisionprofile'>}
2026-05-15 20:16:41 +0000 [MT] Processing step: IDEDistributionCreateManifestStep
2026-05-15 20:16:41 +0000 [MT] Skipping step: IDEDistributionCreateManifestStep because it said so
